[     241ms] [INFO] %cDownload the React DevTools for a better development experience: https://reactjs.org/link/react-devtools font-weight:bold @ http://localhost:3000/node_modules/.vite/deps/chunk-V5LT2MCF.js?v=d6d73798:21579
[     283ms] [LOG] [AUTH] [AUTH EVENT] SIGNED_IN @ http://localhost:3000/src/lib/utils/logger.js:18
[     316ms] [LOG] [AUTH] [AUTH EVENT] INITIAL_SESSION @ http://localhost:3000/src/lib/utils/logger.js:18
[    2547ms] [ERROR] Failed to load resource: the server responded with a status of 406 () @ https://tomremkbuxvedliyywbo.supabase.co/rest/v1/legal_documents?select=id%2Ctitle%2Ccontent%2Cversion%2Cslug&slug=eq.consentimiento-clinico&status=eq.published:0
[  301028ms] [LOG] [AUTH] [AUTH EVENT] TOKEN_REFRESHED @ http://localhost:3000/src/lib/utils/logger.js:18
[  301642ms] [ERROR] Failed to load resource: the server responded with a status of 406 () @ https://tomremkbuxvedliyywbo.supabase.co/rest/v1/legal_documents?select=id%2Ctitle%2Ccontent%2Cversion%2Cslug&slug=eq.consentimiento-clinico&status=eq.published:0
[  302811ms] [ERROR] Failed to load resource: the server responded with a status of 406 () @ https://tomremkbuxvedliyywbo.supabase.co/rest/v1/legal_documents?select=id%2Ctitle%2Ccontent%2Cversion%2Cslug&slug=eq.consentimiento-clinico&status=eq.published:0
[ 1056381ms] [INFO] %cDownload the React DevTools for a better development experience: https://reactjs.org/link/react-devtools font-weight:bold @ http://localhost:3000/node_modules/.vite/deps/chunk-V5LT2MCF.js?v=d6d73798:21579
[ 1056452ms] [LOG] [AUTH] [AUTH EVENT] SIGNED_IN @ http://localhost:3000/src/lib/utils/logger.js:18
[ 1056586ms] [LOG] [AUTH] [AUTH EVENT] INITIAL_SESSION @ http://localhost:3000/src/lib/utils/logger.js:18
[ 1056768ms] [WARNING] [DENTALSPOT] Meta Pixel not initialized or blocked @ http://localhost:3000/src/lib/utils/logger.js:6
[ 1062388ms] [ERROR] Failed to load resource: the server responded with a status of 400 () @ https://tomremkbuxvedliyywbo.supabase.co/rest/v1/session_activities?select=id%2Cstatus%2Ccreated_at%2Cactivity_id%2Cexercise_id&patient_id=eq.cb89c52a-9583-4de4-8dfc-eb5daafb239e&status=eq.pending&order=created_at.asc&limit=10:0
[ 1062388ms] [WARNING] [DENTALSPOT] session_activities query failed (table may not exist): column session_activities.patient_id does not exist @ http://localhost:3000/src/lib/utils/logger.js:6
[ 1062393ms] [ERROR] Failed to load resource: the server responded with a status of 400 () @ https://tomremkbuxvedliyywbo.supabase.co/rest/v1/clinical_reports?select=id%2Ctitle%2Cfile_url%2Ccreated_at%2Creport_type&patient_id=eq.cb89c52a-9583-4de4-8dfc-eb5daafb239e&order=created_at.desc&limit=3:0
[ 1062606ms] [ERROR] Failed to load resource: the server responded with a status of 400 () @ https://tomremkbuxvedliyywbo.supabase.co/rest/v1/session_activities?select=id%2Cstatus%2Cupdated_at&patient_id=eq.cb89c52a-9583-4de4-8dfc-eb5daafb239e&updated_at=gte.2026-04-13T04%3A00%3A00.000Z&updated_at=lte.2026-04-20T03%3A59%3A59.999Z:0
[ 1062836ms] [ERROR] Failed to load resource: the server responded with a status of 406 () @ https://tomremkbuxvedliyywbo.supabase.co/rest/v1/legal_documents?select=id%2Ctitle%2Ccontent%2Cversion%2Cslug&slug=eq.consentimiento-clinico&status=eq.published:0
[ 1098707ms] [LOG] {auth_uid: ca6e66f9-e10c-45d2-a300-33bbd615c758, auth_email: bombinpruebatin@gmail.com, profile_match: Array(1), profile_error: null} @ :4
[ 1114477ms] [LOG] {auth_uid: ca6e66f9-e10c-45d2-a300-33bbd615c758, auth_email: bombinpruebatin@gmail.com, profile_match: Array(1), profile_error: null} @ :4
[ 1129119ms] [LOG] {status: 200, error: null, data: Array(1)} @ :6
[ 1233871ms] [LOG] {status: 200, error: null, data: Array(1)} @ :6
[ 1259166ms] [LOG] {auth_uid: ca6e66f9-e10c-45d2-a300-33bbd615c758, auth_email: bombinpruebatin@gmail.com, profile_match: Array(1), profile_error: null} @ :4
