[     443ms] [INFO] %cDownload the React DevTools for a better development experience: https://reactjs.org/link/react-devtools font-weight:bold @ http://localhost:3000/node_modules/.vite/deps/chunk-V5LT2MCF.js?v=d6d73798:21579
[    1497ms] [ERROR] Failed to load resource: the server responded with a status of 400 () @ https://tomremkbuxvedliyywbo.supabase.co/auth/v1/token?grant_type=refresh_token:0
[    1500ms] [LOG] [AUTH] [AUTH EVENT] SIGNED_OUT @ http://localhost:3000/src/lib/utils/logger.js:18
[    1501ms] [ERROR] AuthApiError: Invalid Refresh Token: Refresh Token Not Found
    at handleError2 (http://localhost:3000/node_modules/.vite/deps/@supabase_supabase-js.js?v=d6d73798:8474:9)
    at async _handleRequest2 (http://localhost:3000/node_modules/.vite/deps/@supabase_supabase-js.js?v=d6d73798:8515:5)
    at async _request (http://localhost:3000/node_modules/.vite/deps/@supabase_supabase-js.js?v=d6d73798:8499:16)
    at async http://localhost:3000/node_modules/.vite/deps/@supabase_supabase-js.js?v=d6d73798:11911:16
    at async http://localhost:3000/node_modules/.vite/deps/@supabase_supabase-js.js?v=d6d73798:8285:26 @ http://localhost:3000/node_modules/.vite/deps/@supabase_supabase-js.js?v=d6d73798:11989
[    1503ms] [LOG] [AUTH] [AUTH EVENT] SIGNED_OUT @ http://localhost:3000/src/lib/utils/logger.js:18
[    1563ms] [LOG] [AUTH] [AUTH EVENT] INITIAL_SESSION @ http://localhost:3000/src/lib/utils/logger.js:18
[    1715ms] [VERBOSE] [DOM] Input elements should have autocomplete attributes (suggested: "current-password"): (More info: https://goo.gl/9p2vKq) %o @ http://localhost:3000/auth/login:0
[   14971ms] [LOG] [AUTH] [AUTH EVENT] SIGNED_IN @ http://localhost:3000/src/lib/utils/logger.js:18
[   14981ms] [WARNING] [DENTALSPOT] Meta Pixel not initialized or blocked @ http://localhost:3000/src/lib/utils/logger.js:6
[   16380ms] [ERROR] Failed to load resource: the server responded with a status of 400 () @ https://tomremkbuxvedliyywbo.supabase.co/rest/v1/clinical_reports?select=id%2Ctitle%2Cfile_url%2Ccreated_at%2Creport_type&patient_id=eq.cb89c52a-9583-4de4-8dfc-eb5daafb239e&order=created_at.desc&limit=3:0
[   16625ms] [ERROR] Failed to load resource: the server responded with a status of 400 () @ https://tomremkbuxvedliyywbo.supabase.co/rest/v1/session_activities?select=id%2Cstatus%2Ccreated_at%2Cactivity_id%2Cexercise_id&patient_id=eq.cb89c52a-9583-4de4-8dfc-eb5daafb239e&status=eq.pending&order=created_at.asc&limit=10:0
[   16625ms] [WARNING] [DENTALSPOT] session_activities query failed (table may not exist): column session_activities.patient_id does not exist @ http://localhost:3000/src/lib/utils/logger.js:6
[   16838ms] [ERROR] Failed to load resource: the server responded with a status of 400 () @ https://tomremkbuxvedliyywbo.supabase.co/rest/v1/session_activities?select=id%2Cstatus%2Cupdated_at&patient_id=eq.cb89c52a-9583-4de4-8dfc-eb5daafb239e&updated_at=gte.2026-04-13T04%3A00%3A00.000Z&updated_at=lte.2026-04-20T03%3A59%3A59.999Z:0
[   16879ms] [ERROR] `DialogContent` requires a `DialogTitle` for the component to be accessible for screen reader users.

If you want to hide the `DialogTitle`, you can wrap it with our VisuallyHidden component.

For more information, see https://radix-ui.com/primitives/docs/components/dialog @ http://localhost:3000/node_modules/.vite/deps/chunk-QPH3ZJRM.js?v=d6d73798:330
[   16879ms] [WARNING] Warning: Missing `Description` or `aria-describedby={undefined}` for {DialogContent}. @ http://localhost:3000/node_modules/.vite/deps/chunk-QPH3ZJRM.js?v=d6d73798:345
[   17118ms] [ERROR] Failed to load resource: the server responded with a status of 406 () @ https://tomremkbuxvedliyywbo.supabase.co/rest/v1/legal_documents?select=id%2Ctitle%2Ccontent%2Cversion%2Cslug&slug=eq.consentimiento-clinico&status=eq.published:0
[  153976ms] [ERROR] Failed to load resource: the server responded with a status of 406 () @ https://tomremkbuxvedliyywbo.supabase.co/rest/v1/legal_documents?select=id%2Ctitle%2Ccontent%2Cversion%2Cslug&slug=eq.consentimiento-clinico&status=eq.published:0
[  168513ms] [LOG] [AUTH] [AUTH EVENT] SIGNED_OUT @ http://localhost:3000/src/lib/utils/logger.js:18
[  168629ms] [VERBOSE] [DOM] Input elements should have autocomplete attributes (suggested: "current-password"): (More info: https://goo.gl/9p2vKq) %o @ http://localhost:3000/auth/login:0
[  188584ms] [LOG] [AUTH] [AUTH EVENT] SIGNED_IN @ http://localhost:3000/src/lib/utils/logger.js:18
[  188586ms] [WARNING] [DENTALSPOT] Meta Pixel not initialized or blocked @ http://localhost:3000/src/lib/utils/logger.js:6
[  189005ms] [WARNING] [DENTALSPOT] Meta Pixel not initialized or blocked @ http://localhost:3000/src/lib/utils/logger.js:6
[  189563ms] [ERROR] Failed to load resource: the server responded with a status of 400 () @ https://tomremkbuxvedliyywbo.supabase.co/rest/v1/appointments?select=fee&therapist_id=eq.4e55fb74-b3b5-4233-9b5d-88d7a01a9046&status=eq.completed&date=gte.2026-04-01&date=lte.2026-04-30:0
